============================= test session starts =============================
platform win32 -- Python 3.12.12, pytest-9.0.2, pluggy-1.6.0 -- C:\Users\paotharit\Documents\01_Project\LLMSystemTrading\backend\.venv\Scripts\python.exe
cachedir: .pytest_cache
rootdir: C:\Users\paotharit\Documents\01_Project\LLMSystemTrading\backend
configfile: pyproject.toml
plugins: anyio-4.12.1, langsmith-0.7.7, asyncio-1.3.0
asyncio: mode=Mode.AUTO, debug=False, asyncio_default_fixture_loop_scope=None, asyncio_default_test_loop_scope=function
collecting ... collected 1 item

tests/test_currency.py::test_get_usd_thb_rate_success FAILED             [100%]

================================== FAILURES ===================================
________________________ test_get_usd_thb_rate_success ________________________

    @pytest.mark.asyncio
    async def test_get_usd_thb_rate_success():
        # Reset cache
        _rate_cache["usd_thb"] = 36.0
        _rate_cache["last_updated"] = datetime.min.replace(tzinfo=UTC)
    
        mock_response = {
            "result": "success",
            "rates": {"THB": 35.5}
        }
    
        with patch("httpx.AsyncClient.get", new_callable=AsyncMock) as mock_get:
            mock_get.return_value.status_code = 200
            mock_get.return_value.json.return_value = mock_response
            mock_get.return_value.raise_for_status = lambda: None
    
            rate = await get_usd_thb_rate()
    
>           assert rate == 35.5
E           assert 36.0 == 35.5

tests\test_currency.py:24: AssertionError
------------------------------ Captured log call ------------------------------
ERROR    core.currency:currency.py:44 Failed to fetch exchange rate: 'coroutine' object has no attribute 'get'. Using fallback.
============================== warnings summary ===============================
tests/test_currency.py::test_get_usd_thb_rate_success
  C:\Users\paotharit\Documents\01_Project\LLMSystemTrading\backend\tests\test_currency.py:22: RuntimeWarning: coroutine 'AsyncMockMixin._execute_mock_call' was never awaited
    rate = await get_usd_thb_rate()
  Enable tracemalloc to get traceback where the object was allocated.
  See https://docs.pytest.org/en/stable/how-to/capture-warnings.html#resource-warnings for more info.

-- Docs: https://docs.pytest.org/en/stable/how-to/capture-warnings.html
=========================== short test summary info ===========================
FAILED tests/test_currency.py::test_get_usd_thb_rate_success - assert 36.0 ==...
======================== 1 failed, 1 warning in 0.39s =========================
